// Jest Snapshot v1, https://goo.gl/fbAQLP

exports[`Should match snapshot 1`] = `
<div
  id="searchInputContainer"
>
  <input
    id="searchInput"
    onChange={[Function]}
    type="text"
  />
</div>
`;
